[2025-12-17 17:07:08] Ready!!! Listening for mouse action...
[2025-12-17 17:07:13] processing screenshot (vision)...
[2025-12-17 17:07:13] Error in process_screenshot (vision): PyAutoGUI was unable to import pyscreeze. (This is likely because you're running a version of Python that Pillow (which pyscreeze depends on) doesn't support currently.) Please install this module to enable the function you tried to call.
[2025-12-17 17:07:34] processing screenshot (vision)...
[2025-12-17 17:07:34] Error in process_screenshot (vision): PyAutoGUI was unable to import pyscreeze. (This is likely because you're running a version of Python that Pillow (which pyscreeze depends on) doesn't support currently.) Please install this module to enable the function you tried to call.
[2025-12-17 17:13:25] Ready!!! Listening for mouse action...
[2025-12-17 17:13:31] processing screenshot (vision)...
[2025-12-17 17:13:35] Error in process_screenshot (vision): 'latin-1' codec can't encode characters in position 0-12: ordinal not in range(256)
[2025-12-17 17:20:37] processing screenshot (vision)...
[2025-12-17 17:20:39] Error in process_screenshot (vision): 'latin-1' codec can't encode characters in position 0-12: ordinal not in range(256)
[2025-12-17 17:22:49] Ready!!! Listening for mouse action...
[2025-12-17 17:22:57] processing screenshot (vision)...
[2025-12-17 17:23:03] Answer:
There is no exam question or answer choices visible in the screenshot.

Answer:
----------------------------------------
[2025-12-17 17:31:16] Ready!!! Listening for mouse action...
[2025-12-17 17:31:34] processing screenshot (vision)...
[2025-12-17 17:31:41] Answer:
Δεν υπάρχει ορατή ερώτηση ή επιλογές απάντησης στο παρόν screenshot.

Answer:
----------------------------------------
